Welcome to Ubuntu 24.04.3 LTS (GNU/Linux 6.8.0-79-generic x86_64)

 * Documentation:  https://help.ubuntu.com
 * Management:     https://landscape.canonical.com
 * Support:        https://ubuntu.com/pro

 System information as of Mon Oct  6 13:13:50 UTC 2025

  System load:  0.04              Processes:             118
  Usage of /:   7.0% of 47.39GB   Users logged in:       1
  Memory usage: 13%               IPv4 address for eth0: 72.60.210.231
  Swap usage:   0%                IPv6 address for eth0: 2a02:4780:5e:b64c::1

 * Strictly confined Kubernetes makes edge and IoT secure. Learn how MicroK8s
   just raised the bar for easy, resilient and secure K8s cluster deployment.

   https://ubuntu.com/engage/secure-kubernetes-at-the-edge

Expanded Security Maintenance for Applications is not enabled.

0 updates can be applied immediately.

Enable ESM Apps to receive additional future security updates.
See https://ubuntu.com/esm or run: sudo pro status


1 updates could not be installed automatically. For more details,
see /var/log/unattended-upgrades/unattended-upgrades.log

*** System restart required ***
Last login: Mon Oct  6 13:06:58 2025 from 169.254.0.1
root@srv1047995:~# cd /var/www/expense-tracker
nano .env
root@srv1047995:/var/www/expense-tracker# sudo -u postgres psql << 'EOF'
CREATE USER expense_app WITH ENCRYPTED PASSWORD 'YOUR_SECURE_PASSWORD';
GRANT ALL PRIVILEGES ON DATABASE expense_tracker TO expense_app;
ALTER DATABASE expense_tracker OWNER TO expense_app;
\q
EOF
ERROR:  role "expense_app" already exists
GRANT
ALTER DATABASE
root@srv1047995:/var/www/expense-tracker# cd /var/www/expense-tracker
npm install
npm warn deprecated rimraf@2.7.1: Rimraf versions prior to v4 are no longer supported
npm warn deprecated lodash.isequal@4.5.0: This package is deprecated. Use require('node:util').isDeepStrictEqual instead.
npm warn deprecated inflight@1.0.6: This module is not supported, and leaks memory. Do not use it. Check out lru-cache if you want a good and tested way to coalesce async requests by a key value, which is much more comprehensive and powerful.
npm warn deprecated fstream@1.0.12: This package is no longer supported.
npm warn deprecated @esbuild-kit/esm-loader@2.6.5: Merged into tsx: https://tsx.is
npm warn deprecated glob@7.2.3: Glob versions prior to v9 are no longer supported
npm warn deprecated @esbuild-kit/core-utils@3.3.2: Merged into tsx: https://tsx.is
npm warn deprecated glob@7.2.3: Glob versions prior to v9 are no longer supported
npm warn deprecated glob@7.2.3: Glob versions prior to v9 are no longer supported

added 614 packages, and audited 615 packages in 16s

71 packages are looking for funding
  run `npm fund` for details

10 vulnerabilities (3 low, 7 moderate)

To address issues that do not require attention, run:
  npm audit fix

To address all issues (including breaking changes), run:
  npm audit fix --force

Run `npm audit` for details.
root@srv1047995:/var/www/expense-tracker# npm run db:push

> rest-express@1.0.0 db:push
> drizzle-kit push

No config path provided, using default 'drizzle.config.ts'
Reading config file '/var/www/expense-tracker/drizzle.config.ts'
Using 'pg' driver for database querying
[⣷] Pulling schema from database...
error: password authentication failed for user "expense_app"
    at /var/www/expense-tracker/node_modules/pg-pool/index.js:45:11
    at process.processTicksAndRejections (node:internal/process/task_queues:95:5)
    at async Object.query (/var/www/expense-tracker/node_modules/drizzle-kit/bin.cjs:66575:26)
    at async fromDatabase2 (/var/www/expense-tracker/node_modules/drizzle-kit/bin.cjs:18700:25) {
  length: 107,
  severity: 'FATAL',
  code: '28P01',
  detail: undefined,
  hint: undefined,
  position: undefined,
  internalPosition: undefined,
  internalQuery: undefined,
  where: undefined,
  schema: undefined,
  table: undefined,
  column: undefined,
  dataType: undefined,
  constraint: undefined,
  file: 'auth.c',
  line: '331',
  routine: 'auth_failed'
}
root@srv1047995:/var/www/expense-tracker# npm run build

> rest-express@1.0.0 build
> vite build && esbuild server/index.ts --platform=node --packages=external --bundle --format=esm --outdir=dist

vite v5.4.19 building for production...
transforming (3) src/main.tsxBrowserslist: browsers data (caniuse-lite) is 12 months old. Please run:
  npx update-browserslist-db@latest
  Why you should do it regularly: https://github.com/browserslist/update-db#readme
transforming (4) src/App.tsx
A PostCSS plugin did not pass the `from` option to `postcss.parse`. This may cause imported assets to be incorrectly transformed. If you've recently added a PostCSS plugin that raised this warning, please contact the package author to fix the issue.
✓ 3539 modules transformed.
../dist/public/index.html                     2.32 kB │ gzip:   0.97 kB
../dist/public/assets/index-GtV6GzWQ.css     94.44 kB │ gzip:  15.67 kB
../dist/public/assets/index-BNKV3yJU.js   2,825.76 kB │ gzip: 724.50 kB

(!) Some chunks are larger than 500 kB after minification. Consider:
- Using dynamic import() to code-split the application
- Use build.rollupOptions.output.manualChunks to improve chunking: https://rollupjs.org/configuration-options/#output-manualchunks
- Adjust chunk size limit for this warning via build.chunkSizeWarningLimit.
✓ built in 18.32s

  dist/index.js  169.1kb

⚡ Done in 18ms
root@srv1047995:/var/www/expense-tracker# pm2 start npm --name "expense-tracker" -- start
pm2 save
pm2 startup
[PM2] Starting /usr/bin/npm in fork_mode (1 instance)
[PM2] Done.
┌────┬────────────────────┬─────────────┬─────────┬─────────┬──────────┬────────┬──────┬───────────┬──────────┬──────────┬──────────┬──────────┐
│ id │ name               │ namespace   │ version │ mode    │ pid      │ uptime │ ↺    │ status    │ cpu      │ mem      │ user     │ watching │
├────┼────────────────────┼─────────────┼─────────┼─────────┼──────────┼────────┼──────┼───────────┼──────────┼──────────┼──────────┼──────────┤
│ 0  │ expense-tracker    │ default     │ N/A     │ fork    │ 22376    │ 0s     │ 0    │ online    │ 0%       │ 27.9mb   │ root     │ disabled │
└────┴────────────────────┴─────────────┴─────────┴─────────┴──────────┴────────┴──────┴───────────┴──────────┴──────────┴──────────┴──────────┘
[PM2] Saving current process list...
[PM2] Successfully saved in /root/.pm2/dump.pm2
[PM2] Init System found: systemd
Platform systemd
Template
[Unit]
Description=PM2 process manager
Documentation=https://pm2.keymetrics.io/
After=network.target

[Service]
Type=forking
User=root
LimitNOFILE=infinity
LimitNPROC=infinity
LimitCORE=infinity
Environment=PATH=/usr/local/sbin:/usr/local/bin:/usr/sbin:/usr/bin:/sbin:/bin:/usr/games:/usr/local/games:/snap/bin:/bin:/usr/local/sbin:/usr/local/bin:/usr/sbin:/usr/bin
Environment=PM2_HOME=/root/.pm2
PIDFile=/root/.pm2/pm2.pid
Restart=on-failure

ExecStart=/usr/lib/node_modules/pm2/bin/pm2 resurrect
ExecReload=/usr/lib/node_modules/pm2/bin/pm2 reload all
ExecStop=/usr/lib/node_modules/pm2/bin/pm2 kill

[Install]
WantedBy=multi-user.target

Target path
/etc/systemd/system/pm2-root.service
Command list
[ 'systemctl enable pm2-root' ]
[PM2] Writing init configuration in /etc/systemd/system/pm2-root.service
[PM2] Making script booting at startup...
[PM2] [-] Executing: systemctl enable pm2-root...
Created symlink /etc/systemd/system/multi-user.target.wants/pm2-root.service → /etc/systemd/system/pm2-root.service.
[PM2] [v] Command successfully executed.
+---------------------------------------+
[PM2] Freeze a process list on reboot via:
$ pm2 save

[PM2] Remove init script via:
$ pm2 unstartup systemd
root@srv1047995:/var/www/expense-tracker# pm2 status
curl http://localhost:5000
┌────┬────────────────────┬─────────────┬─────────┬─────────┬──────────┬────────┬──────┬───────────┬──────────┬──────────┬──────────┬──────────┐
│ id │ name               │ namespace   │ version │ mode    │ pid      │ uptime │ ↺    │ status    │ cpu      │ mem      │ user     │ watching │
├────┼────────────────────┼─────────────┼─────────┼─────────┼──────────┼────────┼──────┼───────────┼──────────┼──────────┼──────────┼──────────┤
│ 0  │ expense-tracker    │ default     │ N/A     │ fork    │ 0        │ 0      │ 16   │ errored   │ 0%       │ 0b       │ root     │ disabled │
└────┴────────────────────┴─────────────┴─────────┴─────────┴──────────┴────────┴──────┴───────────┴──────────┴──────────┴──────────┴──────────┘
curl: (7) Failed to connect to localhost port 5000 after 0 ms: Couldn't connect to server
root@srv1047995:/var/www/expense-tracker# 